JSCompiler_StaticMethods_assoc_BANG_:$f
JSCompiler_StaticMethods_cljs$core$ITransientVector$_assoc_n_BANG_$arity$3:lf
JSCompiler_StaticMethods_div:xa
JSCompiler_StaticMethods_divide:Ja
JSCompiler_StaticMethods_getBits:Ia
JSCompiler_StaticMethods_sval:Yd
JSCompiler_prototypeAlias:f
L 0:a
L 1:b
L 10:m
L 11:p
L 12:q
L 13:v
L 14:w
L 15:y
L 16:C
L 17:S
L 18:ca
L 19:ia
L 2:c
L 20:Ea
L 21:$a
L 22:ra
L 23:t
L 24:z
L 25:A
L 26:D
L 27:F
L 28:H
L 29:I
L 3:d
L 30:K
L 31:P
L 32:T
L 33:V
L 34:Y
L 35:ba
L 36:da
L 37:ha
L 38:qa
L 39:wa
L 4:e
L 40:Ga
L 41:Ua
L 42:vb
L 43:bc
L 44:ge
L 5:g
L 6:h
L 7:k
L 8:l
L 9:n
breaking_bad_quotes$core$navbar:xj
cljs:Qa
cljs$core:Ra
cljs$core$ArrayChunk:$d
cljs$core$ArrayNode:Kf
cljs$core$ArrayNodeIterator:Of
cljs$core$ArrayNodeSeq:Vf
cljs$core$Atom:ze
cljs$core$BitmapIndexedNode:Gf
cljs$core$BitmapIndexedNode$EMPTY:Jf
cljs$core$Box:zf
cljs$core$ChunkBuffer:Zd
cljs$core$ChunkedCons:ae
cljs$core$ChunkedSeq:gf
cljs$core$Cons:Ud
cljs$core$ES6EntriesIterator:pf
cljs$core$ES6Iterator:Mc
cljs$core$ES6SetEntriesIterator:qf
cljs$core$EmptyList:Td
cljs$core$Fn:nb
cljs$core$HashCollisionNode:Sf
cljs$core$HashMapIter:Xf
cljs$core$HashSetIter:eg
cljs$core$ICollection:rb
cljs$core$ICounted:pb
cljs$core$IEncodeJS:Bg
cljs$core$IFn:ob
cljs$core$IIndexed:tb
cljs$core$IIterable:sc
cljs$core$IKVReduce:Tb
cljs$core$IList:$b
cljs$core$ILookup:Ab
cljs$core$IMap:Eb
cljs$core$IMeta:Ob
cljs$core$INext:yb
cljs$core$IPrintWithWriter:dc
cljs$core$IRecord:ac
cljs$core$IReduce:Rb
cljs$core$ISeq:wb
cljs$core$ISeqable:Xb
cljs$core$ISequential:Zb
cljs$core$ISet:Ib
cljs$core$ITER_SYMBOL:ib
cljs$core$IVector:Mb
cljs$core$IndexedSeq:Q
cljs$core$IndexedSeqIterator:dd
cljs$core$KeySeq:bg
cljs$core$Keyword:N
cljs$core$LazySeq:Xd
cljs$core$List:jd
cljs$core$List$EMPTY:Kc
cljs$core$MapEntry:Ve
cljs$core$MetaFn:qd
cljs$core$NeverEquiv:mf
cljs$core$NodeIterator:Ff
cljs$core$NodeSeq:Tf
cljs$core$PROTOCOL_SENTINEL:u
cljs$core$PersistentArrayMap:Za
cljs$core$PersistentArrayMap$EMPTY:ve
cljs$core$PersistentArrayMap$HASHMAP_THRESHOLD:wf
cljs$core$PersistentArrayMapIterator:sf
cljs$core$PersistentArrayMapSeq:rf
cljs$core$PersistentHashMap:Yf
cljs$core$PersistentHashMap$EMPTY:xf
cljs$core$PersistentHashSet:fg
cljs$core$PersistentHashSet$EMPTY:hg
cljs$core$PersistentVector:Z
cljs$core$PersistentVector$EMPTY:id
cljs$core$PersistentVector$EMPTY_NODE:te
cljs$core$PersistentVector$fromArray:af
cljs$core$RangedIterator:Se
cljs$core$Reduced:Tc
cljs$core$StringBufferWriter:uc
cljs$core$Symbol:Gc
cljs$core$TransientArrayMap:vf
cljs$core$TransientHashMap:Zf
cljs$core$TransientHashSet:gg
cljs$core$TransientVector:We
cljs$core$ValSeq:cg
cljs$core$VectorNode:Ie
cljs$core$_EQ_:Lc
cljs$core$_PLUS_:Qd
cljs$core$_STAR_eval_STAR_:Gg
cljs$core$_STAR_loaded_libs_STAR_:Xa
cljs$core$_STAR_print_err_fn_STAR_:Va
cljs$core$_STAR_print_fn_STAR_:Ta
cljs$core$_STAR_print_level_STAR_:Wa
cljs$core$_add_watch:fc
cljs$core$_as_transient:hc
cljs$core$_assoc:Cb
cljs$core$_assoc_BANG_:kc
cljs$core$_chunked_first:mc
cljs$core$_chunked_rest:nc
cljs$core$_clj__GT_js:Cg
cljs$core$_conj:sb
cljs$core$_conj_BANG_:ic
cljs$core$_count:qb
cljs$core$_deref:Nb
cljs$core$_disjoin:Jb
cljs$core$_dissoc:Fb
cljs$core$_drop_first:lc
cljs$core$_equiv:Vb
cljs$core$_find:Db
cljs$core$_first:J
cljs$core$_hash:Wb
cljs$core$_indexOf$cljs$0core$0IFn$0_invoke$0arity$03:W
cljs$core$_iterator:tc
cljs$core$_key:Gb
cljs$core$_kv_reduce:Ub
cljs$core$_lastIndexOf$cljs$0core$0IFn$0_invoke$0arity$03:cd
cljs$core$_lookup:Bb
cljs$core$_meta:Pb
cljs$core$_name:oc
cljs$core$_namespace:pc
cljs$core$_next:zb
cljs$core$_nth:ub
cljs$core$_peek:Kb
cljs$core$_persistent_BANG_:jc
cljs$core$_pop:Lb
cljs$core$_pr_writer:ec
cljs$core$_reduce:Sb
cljs$core$_remove_watch:gc
cljs$core$_reset_BANG_:qc
cljs$core$_rest:xb
cljs$core$_seq:Yb
cljs$core$_swap_BANG_:rc
cljs$core$_val:Hb
cljs$core$_with_meta:Qb
cljs$core$_write:cc
cljs$core$aclone:jb
cljs$core$apply:rd
cljs$core$apply$cljs$0core$0IFn$0_invoke$0arity$02:oe
cljs$core$apply$cljs$0core$0IFn$0_invoke$0arity$03:pe
cljs$core$apply$cljs$0core$0IFn$0_invoke$0arity$05:qe
cljs$core$apply$cljs$0core$0IFn$0_invoke$0arity$0variadic:re
cljs$core$apply_to:ie
cljs$core$apply_to_simple$cljs$0core$0IFn$0_invoke$0arity$03:ke
cljs$core$apply_to_simple$cljs$0core$0IFn$0_invoke$0arity$04:le
cljs$core$apply_to_simple$cljs$0core$0IFn$0_invoke$0arity$05:me
cljs$core$apply_to_simple$cljs$0core$0IFn$0_invoke$0arity$06:ne
cljs$core$array_QMARK_:gb
cljs$core$array__GT_transient_hash_map:yf
cljs$core$array_copy:Dd
cljs$core$array_for:Pe
cljs$core$array_index_of:nd
cljs$core$array_reduce$cljs$0core$0IFn$0_invoke$0arity$02:Wc
cljs$core$array_reduce$cljs$0core$0IFn$0_invoke$0arity$03:Xc
cljs$core$array_reduce$cljs$0core$0IFn$0_invoke$0arity$04:Yc
cljs$core$assoc:md
cljs$core$bit_count:Sd
cljs$core$boolean$0:Fd
cljs$core$bounded_count:de
cljs$core$char_escapes:ng
cljs$core$chunk_append:ce
cljs$core$chunk_cons:be
cljs$core$chunked_seq:$e
cljs$core$chunked_seq$cljs$0core$0IFn$0_invoke$0arity$04:Ze
cljs$core$chunked_seq$cljs$0core$0IFn$0_invoke$0arity$05:hf
cljs$core$chunked_seq_QMARK_:Cd
cljs$core$clj__GT_js:Dg
cljs$core$clone_and_set$cljs$0core$0IFn$0_invoke$0arity$03:Bf
cljs$core$coll_QMARK_:wd
cljs$core$concat:fe
cljs$core$conj:hd
cljs$core$conj_BANG_:he
cljs$core$cons:fd
cljs$core$contains_QMARK_:Hd
cljs$core$count:X
cljs$core$counted_QMARK_:Zc
cljs$core$create_array_node_seq:Qf
cljs$core$create_array_node_seq$cljs$0core$0IFn$0_invoke$0arity$01:Pf
cljs$core$create_array_node_seq$cljs$0core$0IFn$0_invoke$0arity$03:Wf
cljs$core$create_inode_seq:If
cljs$core$create_inode_seq$cljs$0core$0IFn$0_invoke$0arity$01:Hf
cljs$core$create_inode_seq$cljs$0core$0IFn$0_invoke$0arity$03:Uf
cljs$core$create_node:Mf
cljs$core$create_node$cljs$0core$0IFn$0_invoke$0arity$06:Nf
cljs$core$create_node$cljs$0core$0IFn$0_invoke$0arity$07:Lf
cljs$core$deref:Vc
cljs$core$disj:ud
cljs$core$dissoc:od
cljs$core$do_assoc:Qe
cljs$core$drop$cljs$0core$0IFn$0_invoke$0arity$02:De
cljs$core$drop_last$cljs$0core$0IFn$0_invoke$0arity$02:Ee
cljs$core$edit_and_set$cljs$0core$0IFn$0_invoke$0arity$04:Df
cljs$core$empty_QMARK_:vd
cljs$core$empty_ordered_hash:Pc
cljs$core$empty_unordered_hash:Rc
cljs$core$enable_console_print_BANG_:fb
cljs$core$equiv_map:of
cljs$core$equiv_sequential:ed
cljs$core$es6_iterator:Nc
cljs$core$every_QMARK_:we
cljs$core$filter$cljs$0core$0IFn$0_invoke$0arity$02:Fe
cljs$core$first:R
cljs$core$fn_QMARK_:pd
cljs$core$gensym$cljs$0core$0IFn$0_invoke$0arity$01:Ag
cljs$core$gensym_counter:zg
cljs$core$get:M
cljs$core$hash:Ec
cljs$core$hash_collision_node_find_index:Rf
cljs$core$hash_combine:Fc
cljs$core$hash_map:ag
cljs$core$hash_ordered_coll:Oc
cljs$core$hash_string:Dc
cljs$core$hash_unordered_coll:Qc
cljs$core$identity:Od
cljs$core$ifn_QMARK_:Gd
cljs$core$imul:wc
cljs$core$inc:Sc
cljs$core$indexed_QMARK_:$c
cljs$core$inode_kv_reduce:Ef
cljs$core$into:Ge
cljs$core$into_array$cljs$0core$0IFn$0_invoke$0arity$02:kb
cljs$core$iter_reduce$cljs$0core$0IFn$0_invoke$0arity$02:Kd
cljs$core$iter_reduce$cljs$0core$0IFn$0_invoke$0arity$03:Ld
cljs$core$iterable_QMARK_:Ic
cljs$core$key:df
cljs$core$key_test:Af
cljs$core$keys:tf
cljs$core$keyword:Vd
cljs$core$linear_traversal_nth$cljs$0core$0IFn$0_invoke$0arity$03:kd
cljs$core$lookup_sentinel:Ed
cljs$core$m3_fmix:zc
cljs$core$m3_hash_unencoded_chars:Ac
cljs$core$m3_mix_H1:yc
cljs$core$m3_mix_K1:xc
cljs$core$map:Ce
cljs$core$map_QMARK_:zd
cljs$core$map_entry_QMARK_:cf
cljs$core$merge:dg
cljs$core$meta:td
cljs$core$missing_protocol:E
cljs$core$name:Wd
cljs$core$native_satisfies_QMARK_:B
cljs$core$never_equiv:nf
cljs$core$new_path:Me
cljs$core$next:U
cljs$core$next_STAR_:je
cljs$core$nil_iter:se
cljs$core$nth:bd
cljs$core$nth$cljs$0core$0IFn$0_invoke$0arity$02:ad
cljs$core$nth$cljs$0core$0IFn$0_invoke$0arity$03:ld
cljs$core$partial:ye
cljs$core$pop_tail:Re
cljs$core$pr_opts:Ya
cljs$core$pr_sb_with_opts:vg
cljs$core$pr_sequential_writer:kg
cljs$core$pr_str_STAR_:vc
cljs$core$pr_str_with_opts:wg
cljs$core$pr_writer:rg
cljs$core$pr_writer_impl:qg
cljs$core$prim_seq$cljs$0core$0IFn$0_invoke$0arity$02:gd
cljs$core$print_map:sg
cljs$core$print_meta_QMARK_:pg
cljs$core$print_prefix_map:xg
cljs$core$push_tail:Ne
cljs$core$pv_clone_node:Ke
cljs$core$pv_fresh_node:Je
cljs$core$pv_reduce$cljs$0core$0IFn$0_invoke$0arity$04:Te
cljs$core$pv_reduce$cljs$0core$0IFn$0_invoke$0arity$05:Ue
cljs$core$quot:Rd
cljs$core$quote_string:og
cljs$core$re_matches:jg
cljs$core$record_QMARK_:Ad
cljs$core$reduce:mb
cljs$core$reduce$cljs$0core$0IFn$0_invoke$0arity$02:Md
cljs$core$reduce$cljs$0core$0IFn$0_invoke$0arity$03:lb
cljs$core$reduce_kv:Nd
cljs$core$reduced_QMARK_:Uc
cljs$core$remove_pair:Cf
cljs$core$reset_BANG_:Ae
cljs$core$rest:Jc
cljs$core$seq:O
cljs$core$seq_reduce$cljs$0core$0IFn$0_invoke$0arity$02:Id
cljs$core$seq_reduce$cljs$0core$0IFn$0_invoke$0arity$03:Jd
cljs$core$sequential_QMARK_:yd
cljs$core$set:ig
cljs$core$set_QMARK_:xd
cljs$core$some:xe
cljs$core$spread:ee
cljs$core$str:G
cljs$core$string_hash_cache:Bc
cljs$core$string_hash_cache_count:Cc
cljs$core$swap_BANG_:Be
cljs$core$symbol:Hc
cljs$core$t_cljs$0core6605:Sa
cljs$core$tail_off:Le
cljs$core$tapset:Fg
cljs$core$transduce$cljs$0core$0IFn$0_invoke$0arity$04:Pd
cljs$core$truth_:x
cljs$core$tv_editable_root:Xe
cljs$core$tv_editable_tail:Ye
cljs$core$tv_ensure_editable:jf
cljs$core$tv_push_tail:kf
cljs$core$type__GT_str:hb
cljs$core$unchecked_array_for:Oe
cljs$core$update_in:He
cljs$core$val:ef
cljs$core$vals:uf
cljs$core$vec:bf
cljs$core$vector:ff
cljs$core$vector_QMARK_:Bd
cljs$core$with_meta:sd
cljs$core$write_all$cljs$0core$0IFn$0_invoke$0arity$0variadic:mg
cljs$cst$keyword$a:ah
cljs$cst$keyword$alt_DASH_impl:tg
cljs$cst$keyword$auto_DASH_run:Ig
cljs$cst$keyword$autobind:eh
cljs$cst$keyword$class:Ng
cljs$cst$keyword$cljsLegacyRender:Qg
cljs$cst$keyword$componentFunction:Jg
cljs$cst$keyword$componentWillMount:ih
cljs$cst$keyword$componentWillUnmount:bh
cljs$cst$keyword$component_DASH_did_DASH_update:Xg
cljs$cst$keyword$component_DASH_will_DASH_unmount:hh
cljs$cst$keyword$displayName:Kg
cljs$cst$keyword$display_DASH_name:fh
cljs$cst$keyword$dup:db
cljs$cst$keyword$error:ch
cljs$cst$keyword$fallback_DASH_impl:ug
cljs$cst$keyword$flush_DASH_on_DASH_newline:ab
cljs$cst$keyword$key:$g
cljs$cst$keyword$keyword_DASH_fn:Eg
cljs$cst$keyword$li:Mg
cljs$cst$keyword$meta:cb
cljs$cst$keyword$more_DASH_marker:lg
cljs$cst$keyword$name:Sg
cljs$cst$keyword$nav_DOT_navbar:Og
cljs$cst$keyword$no_DASH_cache:Wg
cljs$cst$keyword$on_DASH_dispose:Lg
cljs$cst$keyword$on_DASH_set:Ug
cljs$cst$keyword$on_DASH_write:Zg
cljs$cst$keyword$print_DASH_length:eb
cljs$cst$keyword$readably:bb
cljs$cst$keyword$reagentRender:Rg
cljs$cst$keyword$reagent_DASH_render:Yg
cljs$cst$keyword$render:Hg
cljs$cst$keyword$shouldComponentUpdate:gh
cljs$cst$keyword$synthetic_DASH_on_DASH_change:Pg
cljs$cst$keyword$synthetic_DASH_on_DASH_update:Vg
cljs$cst$keyword$val:yg
cljs$cst$keyword$validator:dh
cljs$cst$keyword$warn:Tg
cljs$cst$symbol$meta6606:ue
clojure$set$difference:Nh
clojure$string$join$cljs$0core$0IFn$0_invoke$0arity$02:rh
clojure$string$replace:qh
clojure$string$replace_all:oh
clojure$string$replace_with:ph
com$cognitect$transit$eq$equals:kj
com$cognitect$transit$eq$hashArrayLike:qj
com$cognitect$transit$eq$hashCode:pj
com$cognitect$transit$eq$hashCodeCounter:jj
com$cognitect$transit$eq$hashCombine:lj
com$cognitect$transit$eq$hashMapLike:oj
com$cognitect$transit$eq$stringCodeCache:mj
com$cognitect$transit$eq$stringCodeCacheSize:nj
com$cognitect$transit$util$isArray:hj
com$cognitect$transit$util$objectKeys:gj
com$cognitect$transit$util$randHex:ij
goog$UID_PROPERTY_:ja
goog$array$toArray:Oa
goog$exportPath_:ea
goog$getUid:fa
goog$global:aa
goog$labs$userAgent$platform$isIphone:uj
goog$labs$userAgent$util$matchUserAgent:tj
goog$labs$userAgent$util$userAgent_:Ma
goog$math$Integer:ya
goog$math$Integer$IntCache_:za
goog$math$Integer$ONE:Fa
goog$math$Integer$TWO_PWR_24_:Ha
goog$math$Integer$TWO_PWR_32_DBL_:Da
goog$math$Integer$ZERO:Ca
goog$math$Integer$carry16_:Ka
goog$math$Integer$fromInt:Aa
goog$math$Integer$fromNumber:Ba
goog$math$Long:la
goog$math$Long$MAX_VALUE_:na
goog$math$Long$MIN_VALUE_:oa
goog$math$Long$NEG_ONE_:va
goog$math$Long$ONE_:ua
goog$math$Long$ZERO_:pa
goog$math$Long$fromBits:sa
goog$math$Long$fromNumber:ma
goog$math$Long$fromString:ta
goog$object$getKeys:Na
goog$string$StringBuffer:Pa
goog$string$internal$caseInsensitiveContains:La
goog$typeOf:r
goog$uidCounter_:ka
module$node_modules$create_react_class$index:Dh
module$node_modules$react$index:nh
module$node_modules$react_dom$index:Yi
navigator$jscomp$inline_865:rj
navigator$jscomp$inline_901:vj
reagent:sh
reagent$core$render:ej
reagent$core$render$cljs$0core$0IFn$0_invoke$0arity$02:fj
reagent$debug:th
reagent$debug$track_console:vh
reagent$debug$warnings:uh
reagent$dom:Zi
reagent$dom$imported:$i
reagent$dom$re_render_component:cj
reagent$dom$render$cljs$0core$0IFn$0_invoke$0arity$03:dj
reagent$dom$render_comp:bj
reagent$dom$roots:aj
reagent$impl:wh
reagent$impl$batching:Eh
reagent$impl$batching$RenderQueue:Kh
reagent$impl$batching$compare_mount_order:Ih
reagent$impl$batching$fake_raf:Gh
reagent$impl$batching$mount_count:Fh
reagent$impl$batching$next_tick:Hh
reagent$impl$batching$queue_render:Mh
reagent$impl$batching$ratom_flush:Jh
reagent$impl$batching$render_queue:Lh
reagent$impl$component:ki
reagent$impl$component$_STAR_current_component_STAR_:li
reagent$impl$component$as_element:oi
reagent$impl$component$camelify_map_keys:vi
reagent$impl$component$create_class:yi
reagent$impl$component$custom_wrapper:ri
reagent$impl$component$dash_to_camel:ui
reagent$impl$component$get_wrapper:si
reagent$impl$component$map_to_js:xi
reagent$impl$component$obligatory:ti
reagent$impl$component$props_argv:mi
reagent$impl$component$rat_opts:ji
reagent$impl$component$reagent_class_QMARK_:ni
reagent$impl$component$static_fns:qi
reagent$impl$component$wrap_funs:wi
reagent$impl$component$wrap_render:pi
reagent$impl$template:zi
reagent$impl$template$as_element:Vi
reagent$impl$template$convert_prop_value:Ei
reagent$impl$template$expand_seq:Xi
reagent$impl$template$find_dom_node:Gi
reagent$impl$template$get_key:Si
reagent$impl$template$input_component_set_value:Ji
reagent$impl$template$input_handle_change:Ki
reagent$impl$template$input_node_set_value:Ii
reagent$impl$template$input_render_setup$cljs$0core$0IFn$0_invoke$0arity$03:Li
reagent$impl$template$input_spec:Qi
reagent$impl$template$input_unmount:Mi
reagent$impl$template$kv_conv:Di
reagent$impl$template$make_element:Pi
reagent$impl$template$named_QMARK_:Bi
reagent$impl$template$native_element:Ui
reagent$impl$template$oset:Fi
reagent$impl$template$prop_name_cache:Ci
reagent$impl$template$re_tag:Ai
reagent$impl$template$reagent_input_class:Ni
reagent$impl$template$reagent_synthetic_input_class:Oi
reagent$impl$template$synthetic_input_spec:Ri
reagent$impl$template$tag_name_cache:Ti
reagent$impl$template$these_inputs_have_selection_api:Hi
reagent$impl$template$vec_to_elem:Wi
reagent$impl$util$_STAR_always_update_STAR_:Ch
reagent$impl$util$capitalize:zh
reagent$impl$util$dash_to_camel:Ah
reagent$impl$util$dont_camel_case:yh
reagent$impl$util$fun_name:Bh
reagent$impl$util$is_client:xh
reagent$ratom:Oh
reagent$ratom$RAtom:bi
reagent$ratom$Reaction:fi
reagent$ratom$_STAR_ratom_context_STAR_:Ph
reagent$ratom$_running:Sh
reagent$ratom$add_w:Wh
reagent$ratom$atom:ci
reagent$ratom$check_watches:Vh
reagent$ratom$debug:Qh
reagent$ratom$deref_capture:Th
reagent$ratom$dispose_BANG_:di
reagent$ratom$flush_BANG_:ai
reagent$ratom$generation:Rh
reagent$ratom$handle_reaction_change:ei
reagent$ratom$make_reaction:gi
reagent$ratom$notify_deref_watcher_BANG_:Uh
reagent$ratom$notify_w:Yh
reagent$ratom$pr_atom:Zh
reagent$ratom$rea_queue:$h
reagent$ratom$remove_w:Xh
reagent$ratom$run_in_reaction:ii
reagent$ratom$temp_reaction:hi
shadow$js$files:jh
shadow$js$jsRequire:mh
shadow$js$nativeRequires:kh
shadow$js$requireStack:lh
userAgent$jscomp$inline_866:sj
xmlhttprequest$jscomp$inline_982:wj
